  Obeya Board: test-board
╭──────────────────╮ ╭──────────────────╮ ╭──────────────────╮ ╭──────────────────╮ ╭──────────────────╮ ╭──────────────
│BACKLOG (2)       │ │TODO (1)          │ │IN-PROGRESS (1)   │ │REVIEW (1)        │ │DONE (1)          │ │⚡ REVIEW QUEU
│╭──────────────╮  │ │╭──────────────╮  │ │╭──────────────╮  │ │╭──────────────╮  │ │╭──────────────╮  │ │              
││ #1 Short     │  │ ││ #3 Another   │  │ ││ #4 Implement │  │ ││ #5 Fix bug   │  │ ││ #6 Done task │  │ │              
││    task      │  │ ││    task in   │  │ ││    the full  │  │ ││    in review │  │ ││ task ●       │  │ │              
││ task ●●      │  │ ││    todo      │  │ ││    end-to-en │  │ ││ task ●●      │  │ ││ @unassigned  │  │ │              
││ @unassigned  │  │ ││    column    │  │ ││    d         │  │ ││ @unassigned  │  │ │╰──────────────╯  │ │              
│╰──────────────╯  │ ││ task ●       │  │ ││    integrati │  │ │╰──────────────╯  │ │                  │ │              
│╔══════════════╗  │ ││ @unassigned  │  │ ││    on test   │  │ │                  │ │                  │ │              
│║ #2 Add token ║  │ │╰──────────────╯  │ ││    suite for │  │ │                  │ │                  │ │              
│║    refresh   ║  │ │                  │ ││    cloud     │  │ │                  │ │                  │ │              
│║    handling  ║  │ │                  │ ││    synchroni │  │ │                  │ │                  │ │              
│║    for       ║  │ │                  │ ││    zation    │  │ │                  │ │                  │ │              
│║    expired   ║  │ │                  │ ││    with      │  │ │                  │ │                  │ │              
│║    sessions  ║  │ │                  │ ││    real-time │  │ │                  │ │                  │ │              
│║    with      ║  │ │                  │ ││    WebSocket │  │ │                  │ │                  │ │              
│║    automatic ║  │ │                  │ ││    events    │  │ │                  │ │                  │ │              
│║    retry     ║  │ │                  │ ││ task ●●●     │  │ │                  │ │                  │ │              
│║    logic     ║  │ │                  │ ││ @unassigned  │  │ │                  │ │                  │ │              
│║ story ●●     ║  │ │                  │ │╰──────────────╯  │ │                  │ │                  │ │              
│║ @unassigned  ║  │ │                  │ │                  │ │                  │ │                  │ │              
│║ ▶            ║  │ │                  │ │                  │ │                  │ │                  │ │              
│║ description  ║  │ │                  │ │                  │ │                  │ │                  │ │              
│╚══════════════╝  │ │                  │ │                  │ │                  │ │                  │ │              
│                  │ │                  │ │                  │ │                  │ │                  │ │              
│                  │ │                  │ │                  │ │                  │ │                  │ │              
│                  │ │                  │ │                  │ │                  │ │                  │ │              
│                  │ │                  │ │                  │ │                  │ │                  │ │              
│                  │ │                  │ │                  │ │                  │ │                  │ │              
│                  │ │                  │ │                  │ │                  │ │                  │ │              
│                  │ │                  │ │                  │ │                  │ │                  │ │              
│                  │ │                  │ │                  │ │                  │ │                  │ │              
│                  │ │                  │ │                  │ │                  │ │                  │ │              
│                  │ │                  │ │                  │ │                  │ │                  │ │              
│                  │ │                  │ │                  │ │                  │ │                  │ │              
│                  │ │                  │ │                  │ │                  │ │                  │ │              
│                  │ │                  │ │                  │ │                  │ │                  │ │              
╰──────────────────╯ ╰──────────────────╯ ╰──────────────────╯ ╰──────────────────╯ ╰──────────────────╯ ╰──────────────
  hjkl:nav  v:desc  m:move  c:create  d:del  +/-:resize  G:dag  D:dash  P:past  R:reviewed  x:hide  V:review  q:quit