  Obeya Board: test-board
╭─────────────────────╮ ╭─────────────────────╮ ╭─────────────────────╮ ╭─────────────────────╮ ╭─────────────────────╮ 
│BACKLOG (2)          │ │TODO (1)             │ │IN-PROGRESS (1)      │ │REVIEW (1)           │ │DONE (1)             │ 
│╭───────────────────╮│ │┏━━━━━━━━━━━━━━━━━━━┓│ │╭───────────────────╮│ │╭───────────────────╮│ │╭───────────────────╮│ 
││ #2 Add token      ││ │┃ #3 Another task   ┃│ ││ #4 Implement the  ││ ││ #5 Fix bug in     ││ ││ #6 Done task      ││ 
││    refresh        ││ │┃    in todo column ┃│ ││    full           ││ ││    review         ││ ││ task ●            ││ 
││    handling for   ││ │┃ task ●            ┃│ ││    end-to-end     ││ ││ task ●●           ││ ││ @unassigned       ││ 
││    expired        ││ │┃ @unassigned       ┃│ ││    integration    ││ ││ @unassigned       ││ │╰───────────────────╯│ 
││    sessions with  ││ │┗━━━━━━━━━━━━━━━━━━━┛│ ││    test suite for ││ │╰───────────────────╯│ │                     │ 
││    automatic      ││ │                     │ ││    cloud          ││ │                     │ │                     │ 
││    retry logic    ││ │                     │ ││    synchronizatio ││ │                     │ │                     │ 
││ story ●●          ││ │                     │ ││    n with         ││ │                     │ │                     │ 
││ @unassigned       ││ │                     │ ││    real-time      ││ │                     │ │                     │ 
│╰───────────────────╯│ │                     │ ││    WebSocket      ││ │                     │ │                     │ 
│╭───────────────────╮│ │                     │ ││    events         ││ │                     │ │                     │ 
││ #1 Short task     ││ │                     │ ││ task ●●●          ││ │                     │ │                     │ 
││ task ●●           ││ │                     │ ││ @unassigned       ││ │                     │ │                     │ 
││ @unassigned       ││ │                     │ │╰───────────────────╯│ │                     │ │                     │ 
│╰───────────────────╯│ │                     │ │                     │ │                     │ │                     │ 
│                     │ │                     │ │                     │ │                     │ │                     │ 
│                     │ │                     │ │                     │ │                     │ │                     │ 
│                     │ │                     │ │                     │ │                     │ │                     │ 
│                     │ │                     │ │                     │ │                     │ │                     │ 
│                     │ │                     │ │                     │ │                     │ │                     │ 
│                     │ │                     │ │                     │ │                     │ │                     │ 
│                     │ │                     │ │                     │ │                     │ │                     │ 
│                     │ │                     │ │                     │ │                     │ │                     │ 
│                     │ │                     │ │                     │ │                     │ │                     │ 
│                     │ │                     │ │                     │ │                     │ │                     │ 
│                     │ │                     │ │                     │ │                     │ │                     │ 
│                     │ │                     │ │                     │ │                     │ │                     │ 
│                     │ │                     │ │                     │ │                     │ │                     │ 
│                     │ │                     │ │                     │ │                     │ │                     │ 
│                     │ │                     │ │                     │ │                     │ │                     │ 
│                     │ │                     │ │                     │ │                     │ │                     │ 
│                     │ │                     │ │                     │ │                     │ │                     │ 
│                     │ │                     │ │                     │ │                     │ │                     │ 
│                     │ │                     │ │                     │ │                     │ │                     │ 
╰─────────────────────╯ ╰─────────────────────╯ ╰─────────────────────╯ ╰─────────────────────╯ ╰─────────────────────╯ 
  h/l:columns  j/k:items  v:desc  m:move  a:assign  c:create  d:delete  p:priority  Enter:detail  Space:collapse  /:search  r:reload  q:quit