  Obeya Board: review-test-board
╭──────────────────╮ ╭──────────────────╮ ╭──────────────────╮ ╭──────────────────╮ ╭──────────────────╮ ╭───────────────────╮ 
│BACKLOG (1)       │ │TODO (0)          │ │IN-PROGRESS (0)   │ │REVIEW (0)        │ │DONE (4)          │ │⚡ REVIEW QUEUE (0)│ 
│╭────────────────╮│ │                  │ │                  │ │                  │ │┏━━━━━━━━━━━━━━━━━│ │┏━━━━━━━━━━━━━━━━━ │ 
││ AGENT #1 Setup ││ │                  │ │                  │ │                  │ │┃ AGENT #5 Revie  │ │┃ AGENT #5 Revie   │ 
││          auth  ││ │                  │ │                  │ │                  │ │┃          wed    │ │┃          wed     │ 
││          modul ││ │                  │ │                  │ │                  │ │┃          task   │ │┃          task    │ 
││          e     ││ │                  │ │                  │ │                  │ │┃ task ●          │ │┃ task ●           │ 
││ task ●●        ││ │                  │ │                  │ │                  │ │┃ @claude         │ │┃ @claude          │ 
││ @claude        ││ │                  │ │                  │ │                  │ │┃ ▶ review context│ │┃ ▶ review context │ 
│╰────────────────╯│ │                  │ │                  │ │                  │ │┗━━━━━━━━━━━━━━━━━│ │┗━━━━━━━━━━━━━━━━━ │ 
│                  │ │                  │ │                  │ │                  │ │╭────────────────╮│ │╭───────────────── │ 
│                  │ │                  │ │                  │ │                  │ ││ #4 Fix login   ││ ││ AGENT #2 Refac   │ 
│                  │ │                  │ │                  │ │                  │ ││    bug         ││ ││          tor     │ 
│                  │ │                  │ │                  │ │                  │ ││ task ●●●       ││ ││          JWT     │ 
│                  │ │                  │ │                  │ │                  │ ││ @niladri       ││ ││          middl   │ 
│                  │ │                  │ │                  │ │                  │ │╰────────────────╯│ ││          eware   │ 
│                  │ │                  │ │                  │ │                  │ │╭─────────────────│ ││ task ●●  45% ⚠ L │ 
│                  │ │                  │ │                  │ │                  │ ││ AGENT #3 Add    │ ││ @claude sponsor: │ 
│                  │ │                  │ │                  │ │                  │ ││          rate   │ │╰───────────────── │ 
│                  │ │                  │ │                  │ │                  │ ││          limit  │ │╭───────────────── │ 
│                  │ │                  │ │                  │ │                  │ ││          ing    │ ││ AGENT #3 Add     │ 
│                  │ │                  │ │                  │ │                  │ ││ task ●●  85% ✓  │ ││          rate    │ 
│                  │ │                  │ │                  │ │                  │ ││ @claude sponsor:│ ││          limit   │ 
│                  │ │                  │ │                  │ │                  │ │╰─────────────────│ ││          ing     │ 
│                  │ │                  │ │                  │ │                  │ │╭─────────────────│ ││ task ●●  85% ✓   │ 
│                  │ │                  │ │                  │ │                  │ ││ AGENT #2 Refac  │ ││ @claude sponsor: │ 
│                  │ │                  │ │                  │ │                  │ ││          tor    │ │╰───────────────── │ 
│                  │ │                  │ │                  │ │                  │ ││          JWT    │ │                   │ 
│                  │ │                  │ │                  │ │                  │ ││          middl  │ │                   │ 
│                  │ │                  │ │                  │ │                  │ ││          eware  │ │                   │ 
│                  │ │                  │ │                  │ │                  │ ││ task ●●  45% ⚠ L│ │                   │ 
│                  │ │                  │ │                  │ │                  │ ││ @claude sponsor:│ │                   │ 
│                  │ │                  │ │                  │ │                  │ │╰─────────────────│ │                   │ 
│                  │ │                  │ │                  │ │                  │ │                  │ │                   │ 
│                  │ │                  │ │                  │ │                  │ │                  │ │                   │ 
│                  │ │                  │ │                  │ │                  │ │                  │ │                   │ 
│                  │ │                  │ │                  │ │                  │ │                  │ │                   │ 
╰──────────────────╯ ╰──────────────────╯ ╰──────────────────╯ ╰──────────────────╯ ╰──────────────────╯ ╰───────────────────╯ 
  h/l:columns  j/k:items  v:desc  V:review  m:move  a:assign  c:create  d:delete  p:priority  R:reviewed  x:hide  P:past-reviews  Enter:detail  G:dag  D:dash  q:quit