╔════════════════════════════════════════════════════════════════════════════════════════════════════════════════════╗
║                                                                                                                    ║
║  Past Reviews  [Esc close  Space collapse/expand]                                                                  ║
║                                                                                                                    ║
║  ✓ Task #2 Refactor JWT middleware                                                                                 ║
║  ✓ Task #3 Add rate limiting                                                                                       ║
║  ✓ Task #5 Reviewed task                                                                                           ║
║                                                                                                                    ║
╚════════════════════════════════════════════════════════════════════════════════════════════════════════════════════╝