  Obeya Board: test-board
╭───────────────────╮ ╭───────────────────╮ ╭───────────────────╮ ╭───────────────────╮ ╭───────────────────╮ ╭─────────
│BACKLOG (2)        │ │TODO (1)           │ │IN-PROGRESS (1)    │ │REVIEW (1)         │ │DONE (1)           │ │⚡ REVIEW
│╭─────────────────╮│ │╭─────────────────╮│ │╭─────────────────╮│ │╭─────────────────╮│ │╭─────────────────╮│ │         
││ #1 Short task   ││ ││ #3 Another task ││ ││ #4 Implement    ││ ││ #5 Fix bug in   ││ ││ #6 Done task    ││ │         
││ task ●●         ││ ││    in todo      ││ ││    the full     ││ ││    review       ││ ││ task ●          ││ │         
││ @unassigned     ││ ││    column       ││ ││    end-to-end   ││ ││ task ●●         ││ ││ @unassigned     ││ │         
│╰─────────────────╯│ ││ task ●          ││ ││    integration  ││ ││ @unassigned     ││ │╰─────────────────╯│ │         
│┏━━━━━━━━━━━━━━━━━┓│ ││ @unassigned     ││ ││    test suite   ││ │╰─────────────────╯│ │                   │ │         
│┃ ┃ #2 Add token  ┃│ │╰─────────────────╯│ ││    for cloud    ││ │                   │ │                   │ │         
│┃ ┃    refresh    ┃│ │                   │ ││    synchronizat ││ │                   │ │                   │ │         
│┃ ┃    handling   ┃│ │                   │ ││    ion with     ││ │                   │ │                   │ │         
│┃ ┃    for        ┃│ │                   │ ││    real-time    ││ │                   │ │                   │ │         
│┃ ┃    expired    ┃│ │                   │ ││    WebSocket    ││ │                   │ │                   │ │         
│┃ ┃    sessions   ┃│ │                   │ ││    events       ││ │                   │ │                   │ │         
│┃ ┃    with       ┃│ │                   │ ││ task ●●●        ││ │                   │ │                   │ │         
│┃ ┃    automatic  ┃│ │                   │ ││ @unassigned     ││ │                   │ │                   │ │         
│┃ ┃    retry      ┃│ │                   │ │╰─────────────────╯│ │                   │ │                   │ │         
│┃ ┃    logic      ┃│ │                   │ │                   │ │                   │ │                   │ │         
│┃ ┃ story ●●      ┃│ │                   │ │                   │ │                   │ │                   │ │         
│┃ ┃ @unassigned   ┃│ │                   │ │                   │ │                   │ │                   │ │         
│┃ ┃ ▶ description ┃│ │                   │ │                   │ │                   │ │                   │ │         
│┗━━━━━━━━━━━━━━━━━┛│ │                   │ │                   │ │                   │ │                   │ │         
│                   │ │                   │ │                   │ │                   │ │                   │ │         
│                   │ │                   │ │                   │ │                   │ │                   │ │         
│                   │ │                   │ │                   │ │                   │ │                   │ │         
│                   │ │                   │ │                   │ │                   │ │                   │ │         
│                   │ │                   │ │                   │ │                   │ │                   │ │         
│                   │ │                   │ │                   │ │                   │ │                   │ │         
│                   │ │                   │ │                   │ │                   │ │                   │ │         
│                   │ │                   │ │                   │ │                   │ │                   │ │         
│                   │ │                   │ │                   │ │                   │ │                   │ │         
│                   │ │                   │ │                   │ │                   │ │                   │ │         
│                   │ │                   │ │                   │ │                   │ │                   │ │         
│                   │ │                   │ │                   │ │                   │ │                   │ │         
│                   │ │                   │ │                   │ │                   │ │                   │ │         
│                   │ │                   │ │                   │ │                   │ │                   │ │         
│                   │ │                   │ │                   │ │                   │ │                   │ │         
╰───────────────────╯ ╰───────────────────╯ ╰───────────────────╯ ╰───────────────────╯ ╰───────────────────╯ ╰─────────
  hjkl:nav  v:desc  V:review  m:move  a:assign  c:create  d:del  p:pri  R:reviewed  x:hide  P:past  Enter:detail  G:dag 