  Obeya Board: test-board
╭────────────────╮ ╭────────────────╮ ╭────────────────╮ ╭────────────────╮ ╭───
│BACKLOG (2)     │ │TODO (1)        │ │IN-PROGRESS (1) │ │REVIEW (1)      │ │DON
│┏━━━━━━━━━━━━━━┃│ │╭──────────────╮│ │╭──────────────╮│ │╭──────────────╮│ │╭──
│┃ #1 Short     ┃│ ││ #3 Another   ││ ││ #4 Implement ││ ││ #5 Fix bug   ││ ││ #
│┃    task      ┃│ ││    task in   ││ ││    the full  ││ ││    in review ││ ││ t
│┃ task ●●      ┃│ ││    todo      ││ ││    end-to-en ││ ││ task ●●      ││ ││ @
│┃ @unassigned  ┃│ ││    column    ││ ││    d         ││ ││ @unassigned  ││ │╰──
│┗━━━━━━━━━━━━━━┃│ ││ task ●       ││ ││    integrati ││ │╰──────────────╯│ │   
│╭──────────────┃│ ││ @unassigned  ││ ││    on test   ││ │                │ │   
││ #2 Add token ┃│ │╰──────────────╯│ ││    suite for ││ │                │ │   
││    refresh   ┃│ │                │ ││    cloud     ││ │                │ │   
││    handling  ┃│ │                │ ││    synchroni ││ │                │ │   
││    for       ┃│ │                │ ││    zation    ││ │                │ │   
││    expired   ┃│ │                │ ││    with      ││ │                │ │   
││    sessions  ┃│ │                │ ││    real-time ││ │                │ │   
││    with      ┃│ │                │ ││    WebSocket ││ │                │ │   
││    automatic ┃│ │                │ ││    events    ││ │                │ │   
││    retry     ┃│ │                │ ││ task ●●●     ││ │                │ │   
││    logic     ┃│ │                │ ││ @unassigned  ││ │                │ │   
││ story ●●     ┃│ │                │ │╰──────────────╯│ │                │ │   
││ @unassigned  ││ │                │ │                │ │                │ │   
╰────────────────╯ ╰────────────────╯ ╰────────────────╯ ╰────────────────╯ ╰───
  hjkl:nav  v:desc  m:move  c:create  d:del  +/-:resize  G:dag  D:dash  P:past  