  DAG View: dag-test-board  │  #2 OAuth Integration [todo]
── Auth System ─────────────────────────────────────────────────────────────────────────────────────────────────        
                            ┏━━━━━━━━━━━━━━━━━━━━┓      ╔════════════════════╗      ╭────────────────────╮              
                            ┃ #2 OAuth Int...    ┃      ║ #4 API Endpo...    ║      │ #5 Token Ref...    │              
                         ┌──┃ story ●●           ┃╌╌╌╌╌╌║ story ●●●          ║╌╌╌╌╌╌│ task ●●            │              
                         │  ┃ ░░░░░░░░░░░░░░░░   ┃      ║ ██████████░░░░░░   ║      │ backlog            │              
                         │  ┗━━━━━━━━━━━━━━━━━━━━┛      ║ 🔥                 ║       ╰────────────────────╯             
                         │             │                ╚════════════════════╝                                          
╔════════════════════╗   │  ╭────────────────────╮                                                                      
║ #1 Auth System     ║   │  │ #3 DB Schema       │                                                                      
║ epic ●●            ║──────│ story ●●           │                                                                      
║ ██████████░░░░░░   ║      │ ████████████████ ✓ │                                                                      
║ 🔥                 ║       ╰────────────────────╯                                                                     
╚════════════════════╝                                                                                                  
── Independent Tasks ───────────────────────────────────────────────────────────────────────────────────────────        
╔════════════════════╗      ╭────────────────────╮                                                                      
║ #6 Fix CI Pi...    ║      │ #7 Deploy to...    │                                                                      
║ task ●●            ║╌╌╌╌╌╌│ task ●●            │                                                                      
║ ██████████░░░░░░   ║      │ ░░░░░░░░░░░░░░░░   │                                                                      
║ 🔥                 ║       ╰────────────────────╯                                                                     
╚════════════════════╝                                                                                                  
                                                                                                                        
                                                                                                                        
                                                                                                                        
                                                                                                                        
                                                                                                                        
                                                                                                                        
                                                                                                                        
                                                                                                                        
                                                                                                                        
                                                                                                                        
                                                                                                                        
                                                                                                                        
                                                                                                                        
                                                                                                                        
                                                                                                                        
                                                                                                                        
                                                                                                                        
  h/l:scroll  j/k:nodes  Enter:detail  G:board  D:dashboard  0:focus in-progress  q:quit