  Obeya Board: review-test-board
╭──────────────────╮ ╭──────────────────╮ ╭──────────────────╮ ╭──────────────────╮ ╭──────────────────╮ ╭───────────────────╮ 
│BACKLOG (1)       │ │TODO (0)          │ │IN-PROGRESS (0)   │ │REVIEW (0)        │ │DONE (4)          │ │⚡ REVIEW QUEUE (0)│ 
│╭────────────────╮│ │                  │ │                  │ │                  │ │╭─────────────────│ │┏━━━━━━━━━━━━━━━━━ │ 
││ AGENT #1 Setup ││ │                  │ │                  │ │                  │ ││ AGENT #2 Refac  │ │┃ AGENT #5 Revie   │ 
││          auth  ││ │                  │ │                  │ │                  │ ││          tor    │ │┃          wed     │ 
││          modul ││ │                  │ │                  │ │                  │ ││          JWT    │ │┃          task    │ 
││          e     ││ │                  │ │                  │ │                  │ ││          middl  │ │┃ task ●           │ 
││ task ●●        ││ │                  │ │                  │ │                  │ ││          eware  │ │┃ @claude          │ 
││ @claude        ││ │                  │ │                  │ │                  │ ││ task ●●  45% ⚠ L│ │┃ ▶ review context │ 
│╰────────────────╯│ │                  │ │                  │ │                  │ ││ @claude sponsor:│ │┗━━━━━━━━━━━━━━━━━ │ 
│                  │ │                  │ │                  │ │                  │ │╰─────────────────│ │╭───────────────── │ 
│                  │ │                  │ │                  │ │                  │ │╭─────────────────│ ││ AGENT #2 Refac   │ 
│                  │ │                  │ │                  │ │                  │ ││ AGENT #3 Add    │ ││          tor     │ 
│                  │ │                  │ │                  │ │                  │ ││          rate   │ ││          JWT     │ 
│                  │ │                  │ │                  │ │                  │ ││          limit  │ ││          middl   │ 
│                  │ │                  │ │                  │ │                  │ ││          ing    │ ││          eware   │ 
│                  │ │                  │ │                  │ │                  │ ││ task ●●  85% ✓  │ ││ task ●●  45% ⚠ L │ 
│                  │ │                  │ │                  │ │                  │ ││ @claude sponsor:│ ││ @claude sponsor: │ 
│                  │ │                  │ │                  │ │                  │ │╰─────────────────│ │╰───────────────── │ 
│                  │ │                  │ │                  │ │                  │ │╭────────────────╮│ │╭───────────────── │ 
│                  │ │                  │ │                  │ │                  │ ││ #4 Fix login   ││ ││ AGENT #3 Add     │ 
│                  │ │                  │ │                  │ │                  │ ││    bug         ││ ││          rate    │ 
│                  │ │                  │ │                  │ │                  │ ││ task ●●●       ││ ││          limit   │ 
│                  │ │                  │ │                  │ │                  │ ││ @niladri       ││ ││          ing     │ 
│                  │ │                  │ │                  │ │                  │ │╰────────────────╯│ ││ task ●●  85% ✓   │ 
│                  │ │                  │ │                  │ │                  │ │┏━━━━━━━━━━━━━━━━━│ ││ @claude sponsor: │ 
│                  │ │                  │ │                  │ │                  │ │┃ AGENT #5 Revie  │ │╰───────────────── │ 
│                  │ │                  │ │                  │ │                  │ │┃          wed    │ │                   │ 
│                  │ │                  │ │                  │ │                  │ │┃          task   │ │                   │ 
│                  │ │                  │ │                  │ │                  │ │┃ task ●          │ │                   │ 
│                  │ │                  │ │                  │ │                  │ │┃ @claude         │ │                   │ 
│                  │ │                  │ │                  │ │                  │ │┃ ▶ review context│ │                   │ 
│                  │ │                  │ │                  │ │                  │ │┗━━━━━━━━━━━━━━━━━│ │                   │ 
│                  │ │                  │ │                  │ │                  │ │                  │ │                   │ 
│                  │ │                  │ │                  │ │                  │ │                  │ │                   │ 
│                  │ │                  │ │                  │ │                  │ │                  │ │                   │ 
│                  │ │                  │ │                  │ │                  │ │                  │ │                   │ 
╰──────────────────╯ ╰──────────────────╯ ╰──────────────────╯ ╰──────────────────╯ ╰──────────────────╯ ╰───────────────────╯ 
  h/l:columns  j/k:items  v:desc  V:review  m:move  a:assign  c:create  d:delete  p:priority  R:reviewed  x:hide  P:past-reviews  Enter:detail  G:dag  D:dash  q:quit