  Obeya Board: hierarchy-board
╭───────────────────────────╮ ╭───────────────────────────╮ ╭───────────────────────────╮ ╭───────────────────────────╮ 
│BACKLOG (2)                │ │IN-PROGRESS (1)            │ │DONE (1)                   │ │⚡ REVIEW QUEUE (0)        │ 
│┏━━━━━━━━━━━━━━━━━━━━━━━━━┓│ │╭─────────────────────────╮│ │╭─────────────────────────╮│ │                           │ 
│┃ ┃ ▶ #1 Auth 4 items     ┃│ ││ … › Session Mgmt        ││ ││ … › Session Mgmt        ││ │                           │ 
│┃ ┃      Rewrite          ┃│ ││ #4 JWT validation       ││ ││ #5 Update session store ││ │                           │ 
│┃ ┃ epic ●●  1/4 done     ┃│ ││ task ●●                 ││ ││ task ●                  ││ │                           │ 
│┃ ┃ @unassigned           ┃│ ││ @unassigned             ││ ││ @unassigned             ││ │                           │ 
│┗━━━━━━━━━━━━━━━━━━━━━━━━━┛│ │╰─────────────────────────╯│ │╰─────────────────────────╯│ │                           │ 
│╭─────────────────────────╮│ │                           │ │                           │ │                           │ 
││ #6 Fix README typo      ││ │                           │ │                           │ │                           │ 
││ task ●                  ││ │                           │ │                           │ │                           │ 
││ @unassigned             ││ │                           │ │                           │ │                           │ 
│╰─────────────────────────╯│ │                           │ │                           │ │                           │ 
│                           │ │                           │ │                           │ │                           │ 
│                           │ │                           │ │                           │ │                           │ 
│                           │ │                           │ │                           │ │                           │ 
│                           │ │                           │ │                           │ │                           │ 
│                           │ │                           │ │                           │ │                           │ 
│                           │ │                           │ │                           │ │                           │ 
│                           │ │                           │ │                           │ │                           │ 
│                           │ │                           │ │                           │ │                           │ 
│                           │ │                           │ │                           │ │                           │ 
│                           │ │                           │ │                           │ │                           │ 
│                           │ │                           │ │                           │ │                           │ 
│                           │ │                           │ │                           │ │                           │ 
│                           │ │                           │ │                           │ │                           │ 
│                           │ │                           │ │                           │ │                           │ 
│                           │ │                           │ │                           │ │                           │ 
│                           │ │                           │ │                           │ │                           │ 
│                           │ │                           │ │                           │ │                           │ 
│                           │ │                           │ │                           │ │                           │ 
│                           │ │                           │ │                           │ │                           │ 
│                           │ │                           │ │                           │ │                           │ 
│                           │ │                           │ │                           │ │                           │ 
│                           │ │                           │ │                           │ │                           │ 
│                           │ │                           │ │                           │ │                           │ 
│                           │ │                           │ │                           │ │                           │ 
╰───────────────────────────╯ ╰───────────────────────────╯ ╰───────────────────────────╯ ╰───────────────────────────╯ 
  h/l:columns  j/k:items  v:desc  V:review  m:move  a:assign  c:create  d:delete  p:priority  R:reviewed  x:hide  P:past-reviews  Enter:detail  G:dag  D:dash  q:quit