  Obeya Board: review-test-board
╭────────────────────────────╮ ╭────────╮ ╭───────────────╮ ╭──────────╮ ╭────────────────────────────╮ ╭───────────────
│BACKLOG (1)                 │ │TODO (0)│ │IN-PROGRESS (0)│ │REVIEW (0)│ │DONE (4)                    │ │⚡ REVIEW QUEUE
│┏━━━━━━━━━━━━━━━━━━━━━━━━━━┓│ │        │ │               │ │          │ │╭──────────────────────────╮│ │╭──────────────
│┃ AGENT #1 Setup auth      ┃│ │        │ │               │ │          │ ││ AGENT #2 Refactor JWT    ││ ││ AGENT #5 Revi
│┃          module          ┃│ │        │ │               │ │          │ ││          middleware      ││ ││ task ●       
│┃ task ●●                  ┃│ │        │ │               │ │          │ ││ task ●●  45% ⚠ LOW       ││ ││ @claude      
│┃ @claude                  ┃│ │        │ │               │ │          │ ││ @claude sponsor:         ││ │╰──────────────
│┗━━━━━━━━━━━━━━━━━━━━━━━━━━┛│ │        │ │               │ │          │ ││ @niladri                 ││ │╭──────────────
│                            │ │        │ │               │ │          │ │╰──────────────────────────╯│ ││ AGENT #2 Refa
│                            │ │        │ │               │ │          │ │╭──────────────────────────╮│ ││          midd
│                            │ │        │ │               │ │          │ ││ AGENT #3 Add rate        ││ ││ task ●●  45% 
│                            │ │        │ │               │ │          │ ││          limiting        ││ ││ @claude spons
│                            │ │        │ │               │ │          │ ││ task ●●  85% ✓           ││ ││ @niladri     
│                            │ │        │ │               │ │          │ ││ @claude sponsor:         ││ │╰──────────────
│                            │ │        │ │               │ │          │ ││ @niladri                 ││ │╭──────────────
│                            │ │        │ │               │ │          │ │╰──────────────────────────╯│ ││ AGENT #3 Add 
│                            │ │        │ │               │ │          │ │╭──────────────────────────╮│ ││          limi
│                            │ │        │ │               │ │          │ ││ #4 Fix login bug         ││ ││ task ●●  85% 
│                            │ │        │ │               │ │          │ ││ task ●●●                 ││ ││ @claude spons
│                            │ │        │ │               │ │          │ ││ @niladri                 ││ ││ @niladri     
│                            │ │        │ │               │ │          │ │╰──────────────────────────╯│ │╰──────────────
│                            │ │        │ │               │ │          │ │╭──────────────────────────╮│ │               
│                            │ │        │ │               │ │          │ ││ AGENT #5 Reviewed task   ││ │               
│                            │ │        │ │               │ │          │ ││ task ●                   ││ │               
│                            │ │        │ │               │ │          │ ││ @claude                  ││ │               
│                            │ │        │ │               │ │          │ │╰──────────────────────────╯│ │               
│                            │ │        │ │               │ │          │ │                            │ │               
│                            │ │        │ │               │ │          │ │                            │ │               
│                            │ │        │ │               │ │          │ │                            │ │               
│                            │ │        │ │               │ │          │ │                            │ │               
│                            │ │        │ │               │ │          │ │                            │ │               
│                            │ │        │ │               │ │          │ │                            │ │               
│                            │ │        │ │               │ │          │ │                            │ │               
│                            │ │        │ │               │ │          │ │                            │ │               
│                            │ │        │ │               │ │          │ │                            │ │               
│                            │ │        │ │               │ │          │ │                            │ │               
│                            │ │        │ │               │ │          │ │                            │ │               
╰────────────────────────────╯ ╰────────╯ ╰───────────────╯ ╰──────────╯ ╰────────────────────────────╯ ╰───────────────
  hjkl:nav  v:desc  V:review  m:move  a:assign  c:create  d:del  p:pri  R:reviewed  x:hide  P:past  Enter:detail  G:dag 