  Obeya Board: hierarchy-board
╭───────────────────────────╮ ╭───────────────────────────╮ ╭───────────────────────────╮ ╭───────────────────────────╮ 
│BACKLOG (4)                │ │IN-PROGRESS (1)            │ │DONE (1)                   │ │⚡ REVIEW QUEUE (0)        │ 
│╭─────────────────────────╮│ │┏━━━━━━━━━━━━━━━━━━━━━━━━━┓│ │╭─────────────────────────╮│ │                           │ 
││ ┃▼ #1 Auth 4 items      ││ │┃ … › Session Mgmt        ┃│ ││ … › Session Mgmt        ││ │                           │ 
││ ┃     Rewrite           ││ │┃ #4 JWT validation       ┃│ ││ #5 Update session store ││ │                           │ 
││ ┃epic ●●  1/4 done      ││ │┃ task ●●                 ┃│ ││ task ●                  ││ │                           │ 
││ ┃@unassigned            ││ │┃ @unassigned             ┃│ ││ @unassigned             ││ │                           │ 
│╰─────────────────────────╯│ │┗━━━━━━━━━━━━━━━━━━━━━━━━━┛│ │╰─────────────────────────╯│ │                           │ 
│╭─────────────────────────╮│ │                           │ │                           │ │                           │ 
││ ┃Auth Rewrite           ││ │                           │ │                           │ │                           │ 
││ ┃▼ #2 Session 3 items   ││ │                           │ │                           │ │                           │ 
││ ┃     Mgmt              ││ │                           │ │                           │ │                           │ 
││ ┃story ●●  1/3 done     ││ │                           │ │                           │ │                           │ 
││ ┃@unassigned            ││ │                           │ │                           │ │                           │ 
│╰─────────────────────────╯│ │                           │ │                           │ │                           │ 
│╭─────────────────────────╮│ │                           │ │                           │ │                           │ 
││ … › Session Mgmt        ││ │                           │ │                           │ │                           │ 
││ #3 Refactor middleware  ││ │                           │ │                           │ │                           │ 
││ task ●●                 ││ │                           │ │                           │ │                           │ 
││ @unassigned             ││ │                           │ │                           │ │                           │ 
│╰─────────────────────────╯│ │                           │ │                           │ │                           │ 
│╭─────────────────────────╮│ │                           │ │                           │ │                           │ 
││ #6 Fix README typo      ││ │                           │ │                           │ │                           │ 
││ task ●                  ││ │                           │ │                           │ │                           │ 
││ @unassigned             ││ │                           │ │                           │ │                           │ 
│╰─────────────────────────╯│ │                           │ │                           │ │                           │ 
│                           │ │                           │ │                           │ │                           │ 
│                           │ │                           │ │                           │ │                           │ 
│                           │ │                           │ │                           │ │                           │ 
│                           │ │                           │ │                           │ │                           │ 
│                           │ │                           │ │                           │ │                           │ 
│                           │ │                           │ │                           │ │                           │ 
│                           │ │                           │ │                           │ │                           │ 
│                           │ │                           │ │                           │ │                           │ 
│                           │ │                           │ │                           │ │                           │ 
│                           │ │                           │ │                           │ │                           │ 
│                           │ │                           │ │                           │ │                           │ 
╰───────────────────────────╯ ╰───────────────────────────╯ ╰───────────────────────────╯ ╰───────────────────────────╯ 
  h/l:columns  j/k:items  v:desc  V:review  m:move  a:assign  c:create  d:delete  p:priority  R:reviewed  x:hide  P:past-reviews  Enter:detail  G:dag  D:dash  q:quit