  Obeya Board: review-test-board
╭──────────────────────────╮ ╭────────╮ ╭───────────────╮ ╭──────────╮ ╭──────────────────────────╮ ╭──────────────────────────╮ 
│BACKLOG (1)               │ │TODO (0)│ │IN-PROGRESS (0)│ │REVIEW (0)│ │DONE (4)                  │ │⚡ REVIEW QUEUE (0)       │ 
│╭────────────────────────╮│ │        │ │               │ │          │ │╭─────────────────────────│ │┏━━━━━━━━━━━━━━━━━━━━━━━━━│ 
││ AGENT #1 Setup auth    ││ │        │ │               │ │          │ ││ AGENT #2 Refactor JWT   │ │┃ AGENT #5 Reviewed task  │ 
││          module        ││ │        │ │               │ │          │ ││          middleware     │ │┃ task ●                  │ 
││ task ●●                ││ │        │ │               │ │          │ ││ task ●●  45% ⚠ LOW      │ │┃ @claude                 │ 
││ @claude                ││ │        │ │               │ │          │ ││ @claude sponsor: @niladr│ │┃ ▼ review context        │ 
│╰────────────────────────╯│ │        │ │               │ │          │ │╰─────────────────────────│ │┃ ┄┄┄┄┄┄┄┄┄┄┄┄┄┄┄┄┄┄┄┄┄┄  │ 
│                          │ │        │ │               │ │          │ │╭─────────────────────────│ │┃  Purpose: Already review│ 
│                          │ │        │ │               │ │          │ ││ AGENT #3 Add rate       │ │┗━━━━━━━━━━━━━━━━━━━━━━━━━│ 
│                          │ │        │ │               │ │          │ ││          limiting       │ │╭─────────────────────────│ 
│                          │ │        │ │               │ │          │ ││ task ●●  85% ✓          │ ││ AGENT #2 Refactor JWT   │ 
│                          │ │        │ │               │ │          │ ││ @claude sponsor: @niladr│ ││          middleware     │ 
│                          │ │        │ │               │ │          │ │╰─────────────────────────│ ││ task ●●  45% ⚠ LOW      │ 
│                          │ │        │ │               │ │          │ │╭────────────────────────╮│ ││ @claude sponsor: @niladr│ 
│                          │ │        │ │               │ │          │ ││ #4 Fix login bug       ││ │╰─────────────────────────│ 
│                          │ │        │ │               │ │          │ ││ task ●●●               ││ │╭─────────────────────────│ 
│                          │ │        │ │               │ │          │ ││ @niladri               ││ ││ AGENT #3 Add rate       │ 
│                          │ │        │ │               │ │          │ │╰────────────────────────╯│ ││          limiting       │ 
│                          │ │        │ │               │ │          │ │┏━━━━━━━━━━━━━━━━━━━━━━━━━│ ││ task ●●  85% ✓          │ 
│                          │ │        │ │               │ │          │ │┃ AGENT #5 Reviewed task  │ ││ @claude sponsor: @niladr│ 
│                          │ │        │ │               │ │          │ │┃ task ●                  │ │╰─────────────────────────│ 
│                          │ │        │ │               │ │          │ │┃ @claude                 │ │                          │ 
│                          │ │        │ │               │ │          │ │┃ ▼ review context        │ │                          │ 
│                          │ │        │ │               │ │          │ │┃ ┄┄┄┄┄┄┄┄┄┄┄┄┄┄┄┄┄┄┄┄┄┄  │ │                          │ 
│                          │ │        │ │               │ │          │ │┃  Purpose: Already review│ │                          │ 
│                          │ │        │ │               │ │          │ │┗━━━━━━━━━━━━━━━━━━━━━━━━━│ │                          │ 
│                          │ │        │ │               │ │          │ │                          │ │                          │ 
│                          │ │        │ │               │ │          │ │                          │ │                          │ 
│                          │ │        │ │               │ │          │ │                          │ │                          │ 
│                          │ │        │ │               │ │          │ │                          │ │                          │ 
│                          │ │        │ │               │ │          │ │                          │ │                          │ 
│                          │ │        │ │               │ │          │ │                          │ │                          │ 
│                          │ │        │ │               │ │          │ │                          │ │                          │ 
│                          │ │        │ │               │ │          │ │                          │ │                          │ 
│                          │ │        │ │               │ │          │ │                          │ │                          │ 
│                          │ │        │ │               │ │          │ │                          │ │                          │ 
╰──────────────────────────╯ ╰────────╯ ╰───────────────╯ ╰──────────╯ ╰──────────────────────────╯ ╰──────────────────────────╯ 
  h/l:columns  j/k:items  v:desc  V:review  m:move  a:assign  c:create  d:delete  p:priority  R:reviewed  x:hide  P:past-reviews  Enter:detail  G:dag  D:dash  q:quit