  Obeya Board: review-test-board
╭──────────────────────────╮ ╭────────╮ ╭───────────────╮ ╭──────────╮ ╭──────────────────────────╮ ╭──────────────────────────╮ 
│BACKLOG (1)               │ │TODO (0)│ │IN-PROGRESS (0)│ │REVIEW (0)│ │DONE (4)                  │ │⚡ REVIEW QUEUE (0)       │ 
│╭────────────────────────╮│ │        │ │               │ │          │ │╭─────────────────────────│ │┏━━━━━━━━━━━━━━━━━━━━━━━━┓│ 
││ AGENT #1 Setup auth    ││ │        │ │               │ │          │ ││ AGENT #2 Refactor JWT   │ │┃ AGENT #5 Reviewed task ┃│ 
││          module        ││ │        │ │               │ │          │ ││          middleware     │ │┃ task ●                 ┃│ 
││ task ●●                ││ │        │ │               │ │          │ ││ task ●●  45% ⚠ LOW      │ │┃ @claude                ┃│ 
││ @claude                ││ │        │ │               │ │          │ ││ @claude sponsor: @niladr│ │┃ ▶ review context       ┃│ 
│╰────────────────────────╯│ │        │ │               │ │          │ │╰─────────────────────────│ │┗━━━━━━━━━━━━━━━━━━━━━━━━┛│ 
│                          │ │        │ │               │ │          │ │╭─────────────────────────│ │╭─────────────────────────│ 
│                          │ │        │ │               │ │          │ ││ AGENT #3 Add rate       │ ││ AGENT #2 Refactor JWT   │ 
│                          │ │        │ │               │ │          │ ││          limiting       │ ││          middleware     │ 
│                          │ │        │ │               │ │          │ ││ task ●●  85% ✓          │ ││ task ●●  45% ⚠ LOW      │ 
│                          │ │        │ │               │ │          │ ││ @claude sponsor: @niladr│ ││ @claude sponsor: @niladr│ 
│                          │ │        │ │               │ │          │ │╰─────────────────────────│ │╰─────────────────────────│ 
│                          │ │        │ │               │ │          │ │╭────────────────────────╮│ │╭─────────────────────────│ 
│                          │ │        │ │               │ │          │ ││ #4 Fix login bug       ││ ││ AGENT #3 Add rate       │ 
│                          │ │        │ │               │ │          │ ││ task ●●●               ││ ││          limiting       │ 
│                          │ │        │ │               │ │          │ ││ @niladri               ││ ││ task ●●  85% ✓          │ 
│                          │ │        │ │               │ │          │ │╰────────────────────────╯│ ││ @claude sponsor: @niladr│ 
│                          │ │        │ │               │ │          │ │┏━━━━━━━━━━━━━━━━━━━━━━━━┓│ │╰─────────────────────────│ 
│                          │ │        │ │               │ │          │ │┃ AGENT #5 Reviewed task ┃│ │                          │ 
│                          │ │        │ │               │ │          │ │┃ task ●                 ┃│ │                          │ 
│                          │ │        │ │               │ │          │ │┃ @claude                ┃│ │                          │ 
│                          │ │        │ │               │ │          │ │┃ ▶ review context       ┃│ │                          │ 
│                          │ │        │ │               │ │          │ │┗━━━━━━━━━━━━━━━━━━━━━━━━┛│ │                          │ 
│                          │ │        │ │               │ │          │ │                          │ │                          │ 
│                          │ │        │ │               │ │          │ │                          │ │                          │ 
│                          │ │        │ │               │ │          │ │                          │ │                          │ 
│                          │ │        │ │               │ │          │ │                          │ │                          │ 
│                          │ │        │ │               │ │          │ │                          │ │                          │ 
│                          │ │        │ │               │ │          │ │                          │ │                          │ 
│                          │ │        │ │               │ │          │ │                          │ │                          │ 
│                          │ │        │ │               │ │          │ │                          │ │                          │ 
│                          │ │        │ │               │ │          │ │                          │ │                          │ 
│                          │ │        │ │               │ │          │ │                          │ │                          │ 
│                          │ │        │ │               │ │          │ │                          │ │                          │ 
│                          │ │        │ │               │ │          │ │                          │ │                          │ 
╰──────────────────────────╯ ╰────────╯ ╰───────────────╯ ╰──────────╯ ╰──────────────────────────╯ ╰──────────────────────────╯ 
  h/l:columns  j/k:items  v:desc  V:review  m:move  a:assign  c:create  d:delete  p:priority  R:reviewed  x:hide  P:past-reviews  Enter:detail  G:dag  D:dash  q:quit