  Obeya Board: hierarchy-board
╭─────────────────────────────────╮ ╭─────────────────────────────────╮ ╭─────────────────────────────────╮ ╭───────────
│BACKLOG (4)                      │ │IN-PROGRESS (1)                  │ │DONE (1)                         │ │⚡ REVIEW Q
│╔═════════════════════════════╗  │ │╭─────────────────────────────╮  │ │╭─────────────────────────────╮  │ │           
│║ #1 Auth Rewrite             ║  │ ││ #1 › #2                     │  │ ││ #1 › #2                     │  │ │           
│║ 4 items                     ║  │ ││ #4 JWT validation           │  │ ││ #5 Update session store     │  │ │           
│║ epic ●●  1/4 done           ║  │ ││ task ●●                     │  │ ││ task ●                      │  │ │           
│║ @unassigned                 ║  │ ││ @unassigned                 │  │ ││ @unassigned                 │  │ │           
│╚═════════════════════════════╝  │ │╰─────────────────────────────╯  │ │╰─────────────────────────────╯  │ │           
│╭─────────────────────────────╮  │ │                                 │ │                                 │ │           
││ #1                          │  │ │                                 │ │                                 │ │           
││ #2 Session Mgmt             │  │ │                                 │ │                                 │ │           
││ 3 items                     │  │ │                                 │ │                                 │ │           
││ story ●●  1/3 done          │  │ │                                 │ │                                 │ │           
││ @unassigned                 │  │ │                                 │ │                                 │ │           
│╰─────────────────────────────╯  │ │                                 │ │                                 │ │           
│╭─────────────────────────────╮  │ │                                 │ │                                 │ │           
││ #1 › #2                     │  │ │                                 │ │                                 │ │           
││ #3 Refactor middleware      │  │ │                                 │ │                                 │ │           
││ task ●●                     │  │ │                                 │ │                                 │ │           
││ @unassigned                 │  │ │                                 │ │                                 │ │           
│╰─────────────────────────────╯  │ │                                 │ │                                 │ │           
│╭─────────────────────────────╮  │ │                                 │ │                                 │ │           
││ #6 Fix README typo          │  │ │                                 │ │                                 │ │           
││ task ●                      │  │ │                                 │ │                                 │ │           
││ @unassigned                 │  │ │                                 │ │                                 │ │           
│╰─────────────────────────────╯  │ │                                 │ │                                 │ │           
│                                 │ │                                 │ │                                 │ │           
│                                 │ │                                 │ │                                 │ │           
│                                 │ │                                 │ │                                 │ │           
│                                 │ │                                 │ │                                 │ │           
│                                 │ │                                 │ │                                 │ │           
│                                 │ │                                 │ │                                 │ │           
│                                 │ │                                 │ │                                 │ │           
│                                 │ │                                 │ │                                 │ │           
│                                 │ │                                 │ │                                 │ │           
│                                 │ │                                 │ │                                 │ │           
│                                 │ │                                 │ │                                 │ │           
╰─────────────────────────────────╯ ╰─────────────────────────────────╯ ╰─────────────────────────────────╯ ╰───────────
  hjkl:nav  v:desc  m:move  c:create  d:del  +/-:resize  G:dag  D:dash  P:past  R:reviewed  x:hide  V:review  q:quit