  Obeya Board: review-test-board
╭───────────────────────────╮ ╭────────╮ ╭───────────────╮ ╭──────────╮ ╭───────────────────────────╮ ╭─────────────────
│BACKLOG (1)                │ │TODO (0)│ │IN-PROGRESS (0)│ │REVIEW (0)│ │DONE (4)                   │ │⚡ REVIEW QUEUE (
│╭───────────────────────╮  │ │        │ │               │ │          │ │╭───────────────────────╮  │ │╔════════════════
││ AGENT #1 Setup auth   │  │ │        │ │               │ │          │ ││ AGENT #2 Refactor JWT │  │ │║ AGENT #5 Review
││          module       │  │ │        │ │               │ │          │ ││          middleware   │  │ │║          task  
││ task ●●               │  │ │        │ │               │ │          │ ││ task ●●  45% ⚠ LOW    │  │ │║ task ●         
││ @claude               │  │ │        │ │               │ │          │ ││ @claude sponsor:      │  │ │║ @claude        
│╰───────────────────────╯  │ │        │ │               │ │          │ ││ @niladri              │  │ │║ ▼ review contex
│                           │ │        │ │               │ │          │ │╰───────────────────────╯  │ │║ ┄┄┄┄┄┄┄┄┄┄┄┄┄┄┄
│                           │ │        │ │               │ │          │ │╭───────────────────────╮  │ │║  Purpose: Alrea
│                           │ │        │ │               │ │          │ ││ AGENT #3 Add rate     │  │ │║ reviewed       
│                           │ │        │ │               │ │          │ ││          limiting     │  │ │╚════════════════
│                           │ │        │ │               │ │          │ ││ task ●●  85% ✓        │  │ │╭────────────────
│                           │ │        │ │               │ │          │ ││ @claude sponsor:      │  │ ││ AGENT #2 Refact
│                           │ │        │ │               │ │          │ ││ @niladri              │  │ ││          middle
│                           │ │        │ │               │ │          │ │╰───────────────────────╯  │ ││ task ●●  45% ⚠ 
│                           │ │        │ │               │ │          │ │╭───────────────────────╮  │ ││ @claude sponsor
│                           │ │        │ │               │ │          │ ││ #4 Fix login bug      │  │ ││ @niladri       
│                           │ │        │ │               │ │          │ ││ task ●●●              │  │ │╰────────────────
│                           │ │        │ │               │ │          │ ││ @niladri              │  │ │╭────────────────
│                           │ │        │ │               │ │          │ │╰───────────────────────╯  │ ││ AGENT #3 Add ra
│                           │ │        │ │               │ │          │ │╔═══════════════════════╗  │ ││          limiti
│                           │ │        │ │               │ │          │ │║ AGENT #5 Reviewed     ║  │ ││ task ●●  85% ✓ 
│                           │ │        │ │               │ │          │ │║          task         ║  │ ││ @claude sponsor
│                           │ │        │ │               │ │          │ │║ task ●                ║  │ ││ @niladri       
│                           │ │        │ │               │ │          │ │║ @claude               ║  │ │╰────────────────
│                           │ │        │ │               │ │          │ │║ ▼ review context      ║  │ │                 
│                           │ │        │ │               │ │          │ │║ ┄┄┄┄┄┄┄┄┄┄┄┄┄┄┄┄┄┄┄┄┄ ║  │ │                 
│                           │ │        │ │               │ │          │ │║  Purpose: Already     ║  │ │                 
│                           │ │        │ │               │ │          │ │║ reviewed              ║  │ │                 
│                           │ │        │ │               │ │          │ │╚═══════════════════════╝  │ │                 
│                           │ │        │ │               │ │          │ │                           │ │                 
│                           │ │        │ │               │ │          │ │                           │ │                 
│                           │ │        │ │               │ │          │ │                           │ │                 
│                           │ │        │ │               │ │          │ │                           │ │                 
│                           │ │        │ │               │ │          │ │                           │ │                 
│                           │ │        │ │               │ │          │ │                           │ │                 
╰───────────────────────────╯ ╰────────╯ ╰───────────────╯ ╰──────────╯ ╰───────────────────────────╯ ╰─────────────────
  hjkl:nav  v:desc  m:move  c:create  d:del  +/-:resize  G:dag  D:dash  P:past  R:reviewed  x:hide  V:review  q:quit