  Obeya Board: test-board
╭──────────────────╮ ╭──────────────────╮ ╭──────────────────╮ ╭──────────────────╮ ╭──────────────────╮ 
│BACKLOG (2)       │ │TODO (1)          │ │IN-PROGRESS (1)   │ │REVIEW (1)        │ │DONE (1)          │ 
│┏━━━━━━━━━━━━━━━━┓│ │╭────────────────╮│ │╭────────────────╮│ │╭────────────────╮│ │╭────────────────╮│ 
│┃ #2 Add token   ┃│ ││ #3 Another     ││ ││ #4 Implement   ││ ││ #5 Fix bug in  ││ ││ #6 Done task   ││ 
│┃    refresh     ┃│ ││    task in     ││ ││    the full    ││ ││    review      ││ ││ task ●         ││ 
│┃    handling    ┃│ ││    todo column ││ ││    end-to-end  ││ ││ task ●●        ││ ││ @unassigned    ││ 
│┃    for expired ┃│ ││ task ●         ││ ││    integration ││ ││ @unassigned    ││ │╰────────────────╯│ 
│┃    sessions    ┃│ ││ @unassigned    ││ ││    test suite  ││ │╰────────────────╯│ │                  │ 
│┃    with        ┃│ │╰────────────────╯│ ││    for cloud   ││ │                  │ │                  │ 
│┃    automatic   ┃│ │                  │ ││    synchroniza ││ │                  │ │                  │ 
│┃    retry logic ┃│ │                  │ ││    tion with   ││ │                  │ │                  │ 
│┃ story ●●       ┃│ │                  │ ││    real-time   ││ │                  │ │                  │ 
│┃ @unassigned    ┃│ │                  │ ││    WebSocket   ││ │                  │ │                  │ 
│┃ ▶ description  ┃│ │                  │ ││    events      ││ │                  │ │                  │ 
│┗━━━━━━━━━━━━━━━━┛│ │                  │ ││ task ●●●       ││ │                  │ │                  │ 
│╭────────────────╮│ │                  │ ││ @unassigned    ││ │                  │ │                  │ 
││ #1 Short task  ││ │                  │ │╰────────────────╯│ │                  │ │                  │ 
││ task ●●        ││ │                  │ │                  │ │                  │ │                  │ 
││ @unassigned    ││ │                  │ │                  │ │                  │ │                  │ 
│╰────────────────╯│ │                  │ │                  │ │                  │ │                  │ 
│                  │ │                  │ │                  │ │                  │ │                  │ 
╰──────────────────╯ ╰──────────────────╯ ╰──────────────────╯ ╰──────────────────╯ ╰──────────────────╯ 
  h/l:columns  j/k:items  v:desc  V:review  m:move  a:assign  c:create  d:delete  p:priority  R:reviewed  x:hide  P:past-reviews  Enter:detail  G:dag  D:dash  q:quit